> Task :app:preBuild UP-TO-DATE
> Task :app:preDebugBuild UP-TO-DATE
> Task :app:dataBindingMergeDependencyArtifactsDebug UP-TO-DATE
> Task :app:generateDebugResources UP-TO-DATE
> Task :app:mergeDebugResources UP-TO-DATE
> Task :app:packageDebugResources UP-TO-DATE
> Task :app:processDebugNavigationResources UP-TO-DATE
> Task :app:parseDebugLocalResources UP-TO-DATE
> Task :app:dataBindingGenBaseClassesDebug UP-TO-DATE
> Task :app:generateDebugBuildConfig UP-TO-DATE
> Task :app:generateDebugRFile UP-TO-DATE
> Task :app:compileDebugKotlin UP-TO-DATE
> Task :app:javaPreCompileDebug UP-TO-DATE
> Task :app:compileDebugJavaWithJavac UP-TO-DATE
> Task :app:checkDebugAarMetadata UP-TO-DATE
> Task :app:mapDebugSourceSetPaths UP-TO-DATE
> Task :app:compileDebugNavigationResources UP-TO-DATE
> Task :app:createDebugCompatibleScreenManifests UP-TO-DATE
> Task :app:extractDeepLinksDebug UP-TO-DATE
> Task :app:processDebugMainManifest UP-TO-DATE
> Task :app:processDebugManifest UP-TO-DATE
> Task :app:processDebugManifestForPackage UP-TO-DATE
> Task :app:processDebugResources UP-TO-DATE
> Task :app:bundleDebugClassesToRuntimeJar UP-TO-DATE
> Task :app:bundleDebugClassesToCompileJar UP-TO-DATE
> Task :app:preDebugUnitTestBuild UP-TO-DATE
> Task :app:javaPreCompileDebugUnitTest UP-TO-DATE
> Task :app:processDebugJavaRes UP-TO-DATE
> Task :app:compileDebugUnitTestKotlin
> Task :app:compileDebugUnitTestJavaWithJavac NO-SOURCE
> Task :app:processDebugUnitTestJavaRes UP-TO-DATE

> Task :app:testDebugUnitTest

VipSessionRound4ProbeTest > P02_noListenerMustNotSpendRecoveryBeforeUserCanAuthenticate FAILED
    java.lang.AssertionError at VipSessionRound4ProbeTest.kt:54

VipSessionRound4ProbeTest > P05_oldGuestNavigationMustNotRunInNewGuestSession FAILED
    java.lang.AssertionError at VipSessionRound4ProbeTest.kt:83

VipSessionRound4ProbeTest > P01_backgroundVerificationMustNotSpendInteractiveRecoveryAttempt FAILED
    java.lang.AssertionError at VipSessionRound4ProbeTest.kt:47

VipSessionRound4ProbeTest > P04_sessionChangeDuringDispatchMustSuppressRemainingOldEvents FAILED
    java.lang.AssertionError at VipSessionRound4ProbeTest.kt:75

VipSessionRound4ProbeTest > P03_newExplicitOperationMustNotInheritReceiptLifetimeRetryFlag FAILED
    java.lang.AssertionError at VipSessionRound4ProbeTest.kt:65

21 tests completed, 5 failed

> Task :app:testDebugUnitTest FAILED

[Incubating] Problems report is available at: file:///E:/DU%20AN%20AI/T-Scanner/build/reports/problems/problems-report.html

FAILURE: Build failed with an exception.

* What went wrong:
Execution failed for task ':app:testDebugUnitTest'.
> There were failing tests. See the report at: file:///E:/DU%20AN%20AI/T-Scanner/app/build/reports/tests/testDebugUnitTest/index.html

* Try:
> Run with --scan to get full insights from a Build Scan (powered by Develocity).

Deprecated Gradle features were used in this build, making it incompatible with Gradle 10.

You can use '--warning-mode all' to show the individual deprecation warnings and determine if they come from your own scripts or plugins.

For more on this, please refer to https://docs.gradle.org/9.7.1/userguide/command_line_interface.html#sec:command_line_warnings in the Gradle documentation.

BUILD FAILED in 16s
28 actionable tasks: 2 executed, 26 up-to-date
