> Task :app:preBuild UP-TO-DATE
> Task :app:preDebugBuild UP-TO-DATE
> Task :app:dataBindingMergeDependencyArtifactsDebug UP-TO-DATE
> Task :app:generateDebugResources UP-TO-DATE
> Task :app:mergeDebugResources UP-TO-DATE
> Task :app:packageDebugResources UP-TO-DATE
> Task :app:processDebugNavigationResources UP-TO-DATE
> Task :app:parseDebugLocalResources UP-TO-DATE
> Task :app:dataBindingGenBaseClassesDebug UP-TO-DATE
> Task :app:generateDebugBuildConfig UP-TO-DATE
> Task :app:generateDebugRFile UP-TO-DATE
> Task :app:compileDebugKotlin UP-TO-DATE
> Task :app:javaPreCompileDebug UP-TO-DATE
> Task :app:compileDebugJavaWithJavac UP-TO-DATE
> Task :app:checkDebugAarMetadata UP-TO-DATE
> Task :app:mapDebugSourceSetPaths UP-TO-DATE
> Task :app:compileDebugNavigationResources UP-TO-DATE
> Task :app:createDebugCompatibleScreenManifests UP-TO-DATE
> Task :app:extractDeepLinksDebug UP-TO-DATE
> Task :app:processDebugMainManifest UP-TO-DATE
> Task :app:processDebugManifest UP-TO-DATE
> Task :app:processDebugManifestForPackage UP-TO-DATE
> Task :app:processDebugResources UP-TO-DATE
> Task :app:bundleDebugClassesToRuntimeJar UP-TO-DATE
> Task :app:bundleDebugClassesToCompileJar UP-TO-DATE
> Task :app:preDebugUnitTestBuild UP-TO-DATE
> Task :app:javaPreCompileDebugUnitTest UP-TO-DATE
> Task :app:processDebugJavaRes UP-TO-DATE
> Task :app:compileDebugUnitTestKotlin
> Task :app:compileDebugUnitTestJavaWithJavac NO-SOURCE
> Task :app:processDebugUnitTestJavaRes UP-TO-DATE

> Task :app:testDebugUnitTest FAILED

AndroidRound8AuditTest > A806LocalPendingMustReachRestoreRequestAndTerminalState FAILED
    java.lang.AssertionError at AndroidRound8AuditTest.kt:136

AndroidRound8AuditTest > A802AllPendingMustNotBecomeAuthoritativeNoPurchases FAILED
    java.lang.AssertionError at AndroidRound8AuditTest.kt:88

AndroidRound8AuditTest > A804SameReceiptFailedLocallyAndRemotelyMustCountOnlyOnce FAILED
    java.lang.AssertionError at AndroidRound8AuditTest.kt:106

AndroidRound8AuditTest > A807DestroyedManagerMustIgnoreLatePlayTerminalCallback FAILED
    java.lang.AssertionError at AndroidRound8AuditTest.kt:147

AndroidRound8AuditTest > A808DestroyedManagerMustIgnoreLatePendingPlayCallback FAILED
    java.lang.AssertionError at AndroidRound8AuditTest.kt:158

AndroidRound8AuditTest > A801ActivePlusPendingMustNotReportCompleteRestore FAILED
    java.lang.AssertionError at AndroidRound8AuditTest.kt:81

AndroidRound8AuditTest > A805RemoteAuthoritativeSuccessMustResolveEarlierLocalFailure FAILED
    java.lang.AssertionError at AndroidRound8AuditTest.kt:116

AndroidRound8AuditTest > A803RemoteFailureWithoutActiveVipMustNotBecomeNoPurchases FAILED
    java.lang.AssertionError at AndroidRound8AuditTest.kt:96

AndroidRound8AuditTest > A812CachedVipWithEmptyRemoteSnapshotMustNotCountAsFreshRestore FAILED
    java.lang.AssertionError at AndroidRound8AuditTest.kt:219

RootRound8AuthAuditTest > C801RestoreExpiredCredentialMustStopBeforeTransport FAILED
    java.lang.AssertionError at RootRound8AuthAuditTest.kt:29

RootRound8AuthAuditTest > C802RestoreMalformedCredentialMustStopBeforeTransport FAILED
    java.lang.AssertionError at RootRound8AuthAuditTest.kt:37

RootRound8AuthAuditTest > C803VerifyMustUseSameHttpsGuardAsRestore FAILED
    java.lang.AssertionError at RootRound8AuthAuditTest.kt:44

RootRound8AuthAuditTest > C804DelayedPurchaseMustNotLaunchUnderDifferentAppOwner FAILED
    java.lang.AssertionError at RootRound8AuthAuditTest.kt:88

RootRound8AuthAuditTest > C805CredentialExpiringDuringProductAwaitMustNotLaunchPlayPayment FAILED
    java.lang.AssertionError at RootRound8AuthAuditTest.kt:98

20 tests completed, 14 failed

[Incubating] Problems report is available at: file:///E:/DU%20AN%20AI/T-Scanner/build/reports/problems/problems-report.html

FAILURE: Build failed with an exception.

* What went wrong:
Execution failed for task ':app:testDebugUnitTest'.
> There were failing tests. See the report at: file:///E:/DU%20AN%20AI/T-Scanner/app/build/reports/tests/testDebugUnitTest/index.html

* Try:
> Run with --scan to get full insights from a Build Scan (powered by Develocity).

Deprecated Gradle features were used in this build, making it incompatible with Gradle 10.

You can use '--warning-mode all' to show the individual deprecation warnings and determine if they come from your own scripts or plugins.

For more on this, please refer to https://docs.gradle.org/9.7.1/userguide/command_line_interface.html#sec:command_line_warnings in the Gradle documentation.

BUILD FAILED in 5s
28 actionable tasks: 2 executed, 26 up-to-date
