> Task :app:preBuild UP-TO-DATE
> Task :app:preDebugBuild UP-TO-DATE
> Task :app:dataBindingMergeDependencyArtifactsDebug UP-TO-DATE
> Task :app:generateDebugResources UP-TO-DATE
> Task :app:mergeDebugResources UP-TO-DATE
> Task :app:packageDebugResources UP-TO-DATE
> Task :app:processDebugNavigationResources UP-TO-DATE
> Task :app:parseDebugLocalResources UP-TO-DATE
> Task :app:dataBindingGenBaseClassesDebug UP-TO-DATE
> Task :app:generateDebugBuildConfig UP-TO-DATE
> Task :app:generateDebugRFile UP-TO-DATE
> Task :app:compileDebugKotlin UP-TO-DATE
> Task :app:javaPreCompileDebug UP-TO-DATE
> Task :app:compileDebugJavaWithJavac UP-TO-DATE
> Task :app:checkDebugAarMetadata UP-TO-DATE
> Task :app:mapDebugSourceSetPaths UP-TO-DATE
> Task :app:compileDebugNavigationResources UP-TO-DATE
> Task :app:createDebugCompatibleScreenManifests UP-TO-DATE
> Task :app:extractDeepLinksDebug UP-TO-DATE
> Task :app:processDebugMainManifest UP-TO-DATE
> Task :app:processDebugManifest UP-TO-DATE
> Task :app:processDebugManifestForPackage UP-TO-DATE
> Task :app:processDebugResources UP-TO-DATE
> Task :app:bundleDebugClassesToRuntimeJar UP-TO-DATE
> Task :app:bundleDebugClassesToCompileJar UP-TO-DATE
> Task :app:preDebugUnitTestBuild UP-TO-DATE
> Task :app:javaPreCompileDebugUnitTest UP-TO-DATE
> Task :app:processDebugJavaRes UP-TO-DATE
> Task :app:compileDebugUnitTestKotlin
> Task :app:compileDebugUnitTestJavaWithJavac NO-SOURCE
> Task :app:processDebugUnitTestJavaRes UP-TO-DATE

> Task :app:testDebugUnitTest FAILED

VipRound6AuditTest > A05ProjectionFailureMustNotProduceSuccessfulRestore FAILED
    java.lang.AssertionError at VipRound6AuditTest.kt:84

VipRound6AuditTest > A02NonemptyPlayListMustStillRefreshOtherServerReceipts FAILED
    java.lang.AssertionError at VipRound6AuditTest.kt:54

VipRound6AuditTest > A06MissingIdTokenMustRequestReauthentication FAILED
    java.lang.AssertionError at VipRound6AuditTest.kt:88

VipRound6AuditTest > A04DestroyedManagerMustNotCommitSuspendedRestore FAILED
    java.lang.AssertionError at VipRound6AuditTest.kt:72

VipRound6AuditTest > A07RestoreWrongCatalogTypeMustFail FAILED
    java.lang.AssertionError at VipRound6AuditTest.kt:91

VipRound6AuditTest > A08RestoreWrongProviderSourceMustFail FAILED
    java.lang.AssertionError at VipRound6AuditTest.kt:95

VipRound6AuditTest > A03PartialMustNotBePresentedAsCompleteRestore FAILED
    java.lang.AssertionError at VipRound6AuditTest.kt:60

VipRound6AuditTest > A01PendingPlayPurchaseMustNotSuppressKnownAccountRefresh FAILED
    java.lang.AssertionError at VipRound6AuditTest.kt:41

9 tests completed, 8 failed


[Incubating] Problems report is available at: file:///E:/DU%20AN%20AI/T-Scanner/build/reports/problems/problems-report.html
FAILURE: Build failed with an exception.

* What went wrong:
Execution failed for task ':app:testDebugUnitTest'.
> There were failing tests. See the report at: file:///E:/DU%20AN%20AI/T-Scanner/app/build/reports/tests/testDebugUnitTest/index.html

* Try:
> Run with --scan to get full insights from a Build Scan (powered by Develocity).

Deprecated Gradle features were used in this build, making it incompatible with Gradle 10.

You can use '--warning-mode all' to show the individual deprecation warnings and determine if they come from your own scripts or plugins.

For more on this, please refer to https://docs.gradle.org/9.7.1/userguide/command_line_interface.html#sec:command_line_warnings in the Gradle documentation.

BUILD FAILED in 6s
28 actionable tasks: 2 executed, 26 up-to-date
