> Task :app:preBuild UP-TO-DATE
> Task :app:preDebugBuild UP-TO-DATE
> Task :app:dataBindingMergeDependencyArtifactsDebug UP-TO-DATE
> Task :app:generateDebugResources UP-TO-DATE
> Task :app:mergeDebugResources UP-TO-DATE
> Task :app:packageDebugResources UP-TO-DATE
> Task :app:processDebugNavigationResources UP-TO-DATE
> Task :app:parseDebugLocalResources UP-TO-DATE
> Task :app:dataBindingGenBaseClassesDebug UP-TO-DATE
> Task :app:generateDebugBuildConfig UP-TO-DATE
> Task :app:generateDebugRFile UP-TO-DATE
> Task :app:compileDebugKotlin UP-TO-DATE
> Task :app:javaPreCompileDebug UP-TO-DATE
> Task :app:compileDebugJavaWithJavac UP-TO-DATE
> Task :app:checkDebugAarMetadata UP-TO-DATE
> Task :app:mapDebugSourceSetPaths UP-TO-DATE
> Task :app:compileDebugNavigationResources UP-TO-DATE
> Task :app:createDebugCompatibleScreenManifests UP-TO-DATE
> Task :app:extractDeepLinksDebug UP-TO-DATE
> Task :app:processDebugMainManifest UP-TO-DATE
> Task :app:processDebugManifest UP-TO-DATE
> Task :app:processDebugManifestForPackage UP-TO-DATE
> Task :app:processDebugResources UP-TO-DATE
> Task :app:bundleDebugClassesToRuntimeJar UP-TO-DATE
> Task :app:bundleDebugClassesToCompileJar UP-TO-DATE
> Task :app:preDebugUnitTestBuild UP-TO-DATE
> Task :app:javaPreCompileDebugUnitTest UP-TO-DATE
> Task :app:processDebugJavaRes UP-TO-DATE
> Task :app:compileDebugUnitTestKotlin
> Task :app:compileDebugUnitTestJavaWithJavac NO-SOURCE
> Task :app:processDebugUnitTestJavaRes UP-TO-DATE

> Task :app:testDebugUnitTest FAILED

AndroidAgentAuditTest > A06DestroyedManagerMustNotCommitNoncooperativeVerificationResponse FAILED
    java.lang.AssertionError at AndroidAgentAuditTest.kt:155

AndroidAgentAuditTest > A01PlayQueryErrorMustStillRefreshAuthoritativeAccountReceipts FAILED
    java.lang.AssertionError at AndroidAgentAuditTest.kt:89

AndroidAgentAuditTest > A05CachedUnresolvedEntitlementMustNotCountAsFreshRestoreSuccess FAILED
    java.lang.AssertionError at AndroidAgentAuditTest.kt:128

AndroidAgentAuditTest > A03PartialResultMustReachManagerCallbackAsPartial FAILED
    java.lang.AssertionError at AndroidAgentAuditTest.kt:108

AndroidAgentAuditTest > A07RestoreMustKeepOriginalSessionOwnershipAcrossConnectionAwait FAILED
    java.lang.AssertionError at AndroidAgentAuditTest.kt:177

AndroidAgentAuditTest > A04ParserMustPreserveActualPerTokenFailureCount FAILED
    java.lang.AssertionError at AndroidAgentAuditTest.kt:120

AndroidAgentAuditTest > A02RemoteFailureAfterLocalSuccessMustNotReportCompleteRestore FAILED
    java.lang.AssertionError at AndroidAgentAuditTest.kt:97

RootVipAuthAuditTest > C01DefaultProfileMustNotInventCredential FAILED
    java.lang.AssertionError at RootVipAuthAuditTest.kt:23

RootVipAuthAuditTest > C02MalformedProductionTokenMustNotBeAuthReady FAILED
    java.lang.AssertionError at RootVipAuthAuditTest.kt:27

RootVipAuthAuditTest > C05Restore401MustExposeAuthenticationRecovery FAILED
    java.lang.AssertionError at RootVipAuthAuditTest.kt:47

RootVipAuthAuditTest > C03JwtWithoutExpiryMustNotBeAuthReady FAILED
    java.lang.AssertionError at RootVipAuthAuditTest.kt:31

RootVipAuthAuditTest > C04RestoreMustEnforceHttpsBeforeSendingBearer FAILED
    java.lang.AssertionError at RootVipAuthAuditTest.kt:33

RootVipParserAuditTest > D03CanceledPendingTombstoneMustNotRejectValidLinkedActiveSnapshot FAILED
    java.lang.AssertionError at RootVipParserAuditTest.kt:39

RootVipParserAuditTest > D01MissingRequiredSourceMustNotBecomeAcceptedPlayEntitlement FAILED
    java.lang.AssertionError at RootVipParserAuditTest.kt:29

RootVipParserAuditTest > D02MissingSnapshotAndItemOwnerMustNotBeSynthesizedFromRequest FAILED
    java.lang.AssertionError at RootVipParserAuditTest.kt:34

18 tests completed, 15 failed


[Incubating] Problems report is available at: file:///E:/DU%20AN%20AI/T-Scanner/build/reports/problems/problems-report.html
FAILURE: Build failed with an exception.

* What went wrong:
Execution failed for task ':app:testDebugUnitTest'.
> There were failing tests. See the report at: file:///E:/DU%20AN%20AI/T-Scanner/app/build/reports/tests/testDebugUnitTest/index.html

* Try:
> Run with --scan to get full insights from a Build Scan (powered by Develocity).

Deprecated Gradle features were used in this build, making it incompatible with Gradle 10.

You can use '--warning-mode all' to show the individual deprecation warnings and determine if they come from your own scripts or plugins.

For more on this, please refer to https://docs.gradle.org/9.7.1/userguide/command_line_interface.html#sec:command_line_warnings in the Gradle documentation.

BUILD FAILED in 5s
28 actionable tasks: 2 executed, 26 up-to-date
