(node:9084) ExperimentalWarning: SQLite is an experimental feature and might change at any time
(Use `node --trace-warnings ...` to show where the warning was created)
✔ Q09: Crash after grant before ack - restart preserves job and worker recovers (190.8309ms)
✔ Q09: Acknowledge idempotence - Play returns already acknowledged (121.401ms)
✔ Q09: Permanent acknowledge error transitions job to FAILED without endless retry (170.388ms)
✔ Q09: Worker bounded retry stops retrying after maxAttempts is reached (188.0849ms)
✔ Q09: Do not acknowledge token that is not verified in store (2.8894ms)
✔ Q09: Worker autonomously runs in background without manual drain (244.1367ms)
✔ M05: Atomic grant + outbox for CANCELED_ACTIVE unacknowledged receipt and crash recovery (170.057ms)
✔ M05: HTTP Server /readiness endpoint checks durability and auth readiness (255.1096ms)
(node:9348) ExperimentalWarning: SQLite is an experimental feature and might change at any time
(Use `node --trace-warnings ...` to show where the warning was created)
✔ Q10: Production client without credentials throws MissingCredentialsError (6.6512ms)
✔ Q10: HTTP Transport - Request path, package, token, and Bearer auth (276.9624ms)
✔ Q10: HTTP Transport - In-app product mapping (39.9769ms)
✔ Q10: HTTP Transport - Error mapping (401, 403, 404, 429, 503, malformed) (46.4384ms)
✔ Q10: HTTP Transport - Acknowledge endpoints and idempotent already-acknowledged (35.2308ms)
✔ Q10: Catalog aliases consistency with Android catalog (1.3788ms)
✔ M02: Google Play Transport - Schema strictness and subscriptionsv2 lifecycle mapping (76.0744ms)
(node:14772) ExperimentalWarning: SQLite is an experimental feature and might change at any time
(Use `node --trace-warnings ...` to show where the warning was created)
✔ HTTP Auth: Missing Authorization header returns 401 on /verify, /restore, /acknowledge (247.4121ms)
✔ HTTP Auth: Malformed header and malformed token format return 401 (66.3556ms)
✔ HTTP Auth: Disallowed alg=none returns 401 (40.3931ms)
✔ HTTP Auth: Expired token returns 401 (25.6412ms)
✔ HTTP Auth: Tampered or invalid signature returns 401 (27.9046ms)
✔ HTTP Auth: Audience and Issuer mismatch return 401 (36.4079ms)
✔ HTTP Auth: Ownership spoofing (User B claiming User A) returns 403 Forbidden (30.0741ms)
[INFO] Verifying purchase for user=usr_alice, product=tscanner_vip_yearly, token=tok_al...lean
[INFO] Successfully verified and bound purchase: token=tok_al...lean to owner=usr_alice
✔ HTTP Auth: Canonical owner derived from principal when ownerAppUserId omitted (22.2442ms)
[INFO] Successfully acknowledged purchase: token=tok_al...
✔ HTTP Auth: Acknowledge endpoint enforces token ownership and rejects unverified or foreign tokens (46.6166ms)
[WARN] RTDN received for unknown token tok_rt... (not yet verified by any user)
[WARN] RTDN received for unknown token tok_rt... (not yet verified by any user)
✔ HTTP Auth: RTDN Pub/Sub webhook authentication (69.8482ms)
[INFO] Verifying purchase for user=usr_google_123, product=tscanner_vip_yearly, token=tok_go...sa_1
[INFO] Successfully verified and bound purchase: token=tok_go...sa_1 to owner=usr_google_123
[WARN] RTDN received for unknown token tok_rt... (not yet verified by any user)
✔ HTTP Auth: Google Identity RS256 with JWKS verification and error conditions (204.9849ms)
✔ HTTP Auth: Readiness differentiates user auth vs push auth capability (31.2084ms)
(node:11324) ExperimentalWarning: SQLite is an experimental feature and might change at any time
(Use `node --trace-warnings ...` to show where the warning was created)
[INFO] Restoring purchases for user=usr_alice, candidateTokens=1
[INFO] Verifying purchase for user=usr_alice, product=tscanner_vip_yearly, token=tok_su...ub_1
[INFO] Successfully verified and bound purchase: token=tok_su...ub_1 to owner=usr_alice
[INFO] Restoring purchases for user=usr_bob, candidateTokens=1
[INFO] Verifying purchase for user=usr_bob, product=tscanner_vip_lifetime, token=tok_li...fe_1
[INFO] Successfully verified and bound purchase: token=tok_li...fe_1 to owner=usr_bob
[INFO] Restoring purchases for user=usr_charlie, candidateTokens=1
[INFO] Verifying purchase for user=usr_charlie, product=tscanner_vip_yearly, token=tok_tr...nt_1
[WARN] Transient Google Play API error (503): Play API 503
[INFO] Restoring purchases for user=usr_david, candidateTokens=2
[INFO] Verifying purchase for user=usr_david, product=tscanner_vip_yearly, token=tok_go...good
[INFO] Successfully verified and bound purchase: token=tok_go...good to owner=usr_david
[INFO] Verifying purchase for user=usr_david, product=tscanner_vip_yearly, token=tok_fa...ling
[WARN] Transient Google Play API error (503): Service unavailable
[INFO] Restoring purchases for user=usr_eve, candidateTokens=1
[INFO] Verifying purchase for user=usr_eve, product=tscanner_vip_yearly, token=tok_al...wned
[WARN] Ownership conflict: purchase token already bound to user 'usr_alice', requested by 'usr_eve'
[INFO] Restoring purchases for user=usr_frank, candidateTokens=0
[INFO] Verifying purchase for user=usr_charlie, product=tscanner_vip_yearly, token=tok_li...hain
[INFO] Successfully verified and bound purchase: token=tok_li...hain to owner=usr_charlie
[INFO] Verifying purchase for user=usr_charlie, product=tscanner_vip_yearly, token=tok_li...hain
[INFO] Successfully verified and bound purchase: token=tok_li...hain to owner=usr_charlie
[INFO] Verifying purchase for user=usr_charlie, product=tscanner_vip_yearly, token=tok_li...hain
[INFO] Successfully verified and bound purchase: token=tok_li...hain to owner=usr_charlie
[INFO] Verifying purchase for user=usr_alice, product=tscanner_vip_lifetime, token=tok_li...tion
[INFO] Successfully verified and bound purchase: token=tok_li...tion to owner=usr_alice
[INFO] Verifying purchase for user=usr_alice, product=tscanner_vip_lifetime, token=tok_li...tion
[INFO] Successfully verified and bound purchase: token=tok_li...tion to owner=usr_alice
[INFO] Verifying purchase for user=usr_bob, product=tscanner_vip_lifetime, token=tok_li...tion
[WARN] Ownership conflict: purchase token already bound to user 'usr_alice', requested by 'usr_bob'
✔ Restore Revocation: Active cached subscription that Play reports expired is updated to EXPIRED in store and not returned active (80.0551ms)
✔ Restore Revocation: Refunded/Canceled lifetime in-app is marked REVOKED in store and response (4.1065ms)
✔ Restore Revocation: Google Play 503 transient error preserves cached state and returns TRANSIENT_ERROR status (3.9656ms)
✔ Restore Revocation: Partial failure reports PARTIAL status with itemized results (4.6783ms)
✔ Restore Revocation: Ownership conflict rejects candidate belonging to another user (3.9893ms)
✔ Restore Revocation: Empty candidate list does not leak other users entitlements (2.8509ms)
✔ M03: Active -> Expired -> Renewal lifecycle maintains stable canonical ID and monotonic versions (26.9065ms)
✔ M03: Lifetime active -> Revoked maintains stable canonical ID and rejects unauthorized owner (8.6978ms)
(node:8840) ExperimentalWarning: SQLite is an experimental feature and might change at any time
(Use `node --trace-warnings ...` to show where the warning was created)
✔ probe RTDN retries same event after temporary Google API failure (17.0318ms)
✔ probe authoritative expired verification must not restore stale active receipt (14.8702ms)
✔ probe HTTP restore endpoint must require authentication (486.0529ms)
✔ control ownership conflict rejected within one store instance (8.8336ms)
(node:9196) ExperimentalWarning: SQLite is an experimental feature and might change at any time
(Use `node --trace-warnings ...` to show where the warning was created)
✔ auth must reject development-key JWT without required identity claims (9.0563ms)
✔ auth must reject unsupported algorithm even when HMAC matches (1.2729ms)
✔ empty Play JSON must not grant lifetime VIP (93.0446ms)
✔ entitlement ID must remain stable after authoritative expiry (5.5605ms)
✔ canceled active unacknowledged receipt must enter outbox (3.032ms)
✔ out-of-order RTDN completion must not override newer event (18.7567ms)
✔ late expired verification cannot overwrite newer renewal (5.9901ms)
(node:7176) ExperimentalWarning: SQLite is an experimental feature and might change at any time
(Use `node --trace-warnings ...` to show where the warning was created)
✔ configured googleClientId must enforce matching audience (27.657ms)
✔ PubSub must fail closed without audience and service account configuration (6.5342ms)
✔ PubSub must validate issuer in addition to audience and email (2.5107ms)
✔ control valid RSA user token with explicit audience is accepted (3.3022ms)
✔ V2 SUBSCRIPTION_STATE_PAUSED must not become active paid entitlement (107.6103ms)
✔ V2 SUBSCRIPTION_STATE_UNKNOWN must not become active paid entitlement (9.1067ms)
✔ V2 product mismatch must not grant requested VIP (3.3895ms)
✔ late ACTIVE verification must not resurrect newer EXPIRED snapshot (10.3124ms)
✔ expired receipt owned by another Play hash must not bind to caller (5.2602ms)
✔ empty-candidate restore must refresh known lifetime receipt before success (5.1441ms)
(node:3152) ExperimentalWarning: SQLite is an experimental feature and might change at any time
(Use `node --trace-warnings ...` to show where the warning was created)
✔ B07 late RTDN must not overwrite newer verify expiry (13.6047ms)
✔ B01 first-binding late active must not resurrect committed expiry (16.183ms)
✔ B02 conflict must not discard authoritative expiry and return active (6.1835ms)
✔ B03 on-hold V2 must invalidate stored active grant (111.1714ms)
✔ B04 missing V2 lifecycle state must not grant active (4.1105ms)
✔ B05 client metadata must not suppress refresh of known refunded receipt (5.1868ms)
✔ B06 control empty restore refreshes refund with no conflicting metadata (9.3234ms)
(node:9604) ExperimentalWarning: SQLite is an experimental feature and might change at any time
(Use `node --trace-warnings ...` to show where the warning was created)
✔ B01 unresolved known receipt must not return fresh full restore success (10.5203ms)
✔ B02 canonical pending-purchase-canceled state must be parsed for linked-token recovery (84.7898ms)
✔ B03 control mixed restore accurately declares PARTIAL on transient refresh (3.9225ms)
(node:9892) ExperimentalWarning: SQLite is an experimental feature and might change at any time
(Use `node --trace-warnings ...` to show where the warning was created)
✔ RTDN retry: transient Google Play API failure leaves event retryable (10.1949ms)
✔ RTDN deduplication: stale older event arriving after newer event is rejected (3.1354ms)
✔ RTDN one-time product notification: revocation transitions state to REVOKED (3.1832ms)
✔ RTDN unknown token skips gracefully and processes once bound (6.0496ms)
✔ RTDN HTTP endpoint: returns 503 on ERROR and 200 on PROCESSED/SKIPPED (188.1719ms)
✔ M04: Durable event watermark survives store restart and rejects older events (1165.6459ms)
(node:14264) ExperimentalWarning: SQLite is an experimental feature and might change at any time
(Use `node --trace-warnings ...` to show where the warning was created)
[INFO] Verifying purchase for user=usr_renew_1, product=tscanner_vip_monthly, token=tok_su...al_1
[INFO] Successfully verified and bound purchase: token=tok_su...al_1 to owner=usr_renew_1
[INFO] Updated entitlement via RTDN: token=tok_su..., type=2, newState=VERIFIED_ACTIVE, expiry=1796003986044
[INFO] Verifying purchase for user=usr_cancel_1, product=tscanner_vip_monthly, token=tok_su...el_1
[INFO] Successfully verified and bound purchase: token=tok_su...el_1 to owner=usr_cancel_1
[INFO] Updated entitlement via RTDN: token=tok_su..., type=3, newState=CANCELED_ACTIVE, expiry=1792547986062
[INFO] Updated entitlement via RTDN: token=tok_st..., type=2, newState=VERIFIED_ACTIVE, expiry=1790820986069
[WARN] Skipping stale or out-of-order RTDN for token tok_st... (eventTime=4000 <= last=5000)
[ERROR] Error querying Play API during RTDN handling: Error: Google Play 500 internal error
    at file:///E:/DU%20AN%20AI/T-Scanner/backend/billing-verifier/test/rtdn_and_lifecycle.test.ts:220:11
    at MockGooglePlayBillingApi.getSubscription (file:///E:/DU%20AN%20AI/T-Scanner/backend/billing-verifier/src/googlePlayClient.ts:620:12)
    at RtdnHandler.processDeveloperNotification (file:///E:/DU%20AN%20AI/T-Scanner/backend/billing-verifier/src/rtdnHandler.ts:199:53)
    at process.processTicksAndRejections (node:internal/process/task_queues:104:5)
    at async TestContext.<anonymous> (file:///E:/DU%20AN%20AI/T-Scanner/backend/billing-verifier/test/rtdn_and_lifecycle.test.ts:223:15)
    at async Test.run (node:internal/test_runner/test:1125:7)
    at async Test.processPendingSubtests (node:internal/test_runner/test:787:7)
[INFO] Verifying purchase for user=usr_multi_vip, product=tscanner_vip_lifetime, token=tok_li...rved
[INFO] Successfully verified and bound purchase: token=tok_li...rved to owner=usr_multi_vip
[INFO] Verifying purchase for user=usr_multi_vip, product=tscanner_vip_monthly, token=tok_su...oked
[INFO] Successfully verified and bound purchase: token=tok_su...oked to owner=usr_multi_vip
[INFO] Updated entitlement via RTDN: token=tok_su..., type=12, newState=REVOKED, expiry=1790819986085
[WARN] Failed to acknowledge purchase; token queued for retry: Play API acknowledge timeout
[INFO] Successfully acknowledged purchase: token=tok_ac...
✔ B04b RTDN: Renewal updates expiration without accumulating relative days (17.5527ms)
✔ B04b RTDN: Cancellation before term expiry transitions to CANCELED_ACTIVE (6.6267ms)
✔ B04b RTDN: Out-of-order or duplicate notification is safely skipped (4.0533ms)
✔ B04b RTDN: Blind revocation guard preserves user entitlement on Play API error (7.8211ms)
✔ B04b Multi-Entitlement: Revoking subscription does not revoke user lifetime entitlement (12.8947ms)
✔ B04b Acknowledge: Persist-before-ack queues token on external failure and drains on retry (7.7606ms)
(node:6812) ExperimentalWarning: SQLite is an experimental feature and might change at any time
(Use `node --trace-warnings ...` to show where the warning was created)
✔ Storage Integration: Token ownership and snapshot version survive process restart (108.3866ms)
✔ Storage Integration: Two independent connections enforce unique token ownership (103.054ms)
✔ Storage Integration: Monotonic version sequence does not reset across updates and restarts (173.4809ms)
✔ Storage Integration: Transaction rollbacks on write failure without corrupting state (99.6167ms)
✔ Storage Integration: Multiple entitlements under same owner are aggregated (114.2713ms)
✔ Storage Integration: Ack retry queue persists and retrieves pending retries (127.5458ms)
(node:11908) ExperimentalWarning: SQLite is an experimental feature and might change at any time
(Use `node --trace-warnings ...` to show where the warning was created)
[INFO] Verifying purchase for user=usr_1, product=hacked_super_vip, token=tok_di..._123
[WARN] Disallowed product ID: hacked_super_vip for type subs
[INFO] Verifying purchase for user=usr_1, product=tscanner_vip_yearly, token=tok_pk..._123
[WARN] Package name mismatch: expected com.tscanner.app, got com.malicious.fakeapp
[INFO] Verifying purchase for user=usr_1, product=tscanner_vip_yearly, token=tok_no...ogle
[INFO] Verifying purchase for user=usr_alice, product=tscanner_vip_yearly, token=tok_va...arly
[INFO] Successfully verified and bound purchase: token=tok_va...arly to owner=usr_alice
[INFO] Verifying purchase for user=usr_bob, product=tscanner_vip_lifetime, token=tok_va...time
[INFO] Successfully verified and bound purchase: token=tok_va...time to owner=usr_bob
[INFO] Verifying purchase for user=usr_alice, product=tscanner_vip_yearly, token=shared..._123
[INFO] Successfully verified and bound purchase: token=shared..._123 to owner=usr_alice
[INFO] Verifying purchase for user=usr_charlie, product=tscanner_vip_yearly, token=shared..._123
[WARN] Ownership conflict: purchase token already bound to user 'usr_alice', requested by 'usr_charlie'
[INFO] Verifying purchase for user=usr_alice, product=tscanner_vip_yearly, token=tok_ha...atch
[WARN] ObfuscatedAccountId mismatch: external=64c9ee891d739b86619cd123e45bf4eafd6e1a77185c57c56f8000b59e6dcc9e, expected=188a1a5e915406bb012a09406bd6d3b54a3b3024e7c20c3c463c02b3c5210123
[INFO] Verifying purchase for user=usr_david, product=tscanner_vip_yearly, token=tok_co...play
[INFO] Verifying purchase for user=usr_david, product=tscanner_vip_yearly, token=tok_co...play
[INFO] Verifying purchase for user=usr_david, product=tscanner_vip_yearly, token=tok_co...play
[INFO] Verifying purchase for user=usr_david, product=tscanner_vip_yearly, token=tok_co...play
[INFO] Verifying purchase for user=usr_david, product=tscanner_vip_yearly, token=tok_co...play
[INFO] Successfully verified and bound purchase: token=tok_co...play to owner=usr_david
[WARN] CAS conflict on token tok_co...play, retrying verification attempt 1/5...
[WARN] CAS conflict on token tok_co...play, retrying verification attempt 1/5...
[WARN] CAS conflict on token tok_co...play, retrying verification attempt 1/5...
[WARN] CAS conflict on token tok_co...play, retrying verification attempt 1/5...
[INFO] Successfully verified and bound purchase: token=tok_co...play to owner=usr_david
[WARN] CAS conflict on token tok_co...play, retrying verification attempt 2/5...
[WARN] CAS conflict on token tok_co...play, retrying verification attempt 2/5...
[WARN] CAS conflict on token tok_co...play, retrying verification attempt 2/5...
[INFO] Successfully verified and bound purchase: token=tok_co...play to owner=usr_david
[WARN] CAS conflict on token tok_co...play, retrying verification attempt 3/5...
[WARN] CAS conflict on token tok_co...play, retrying verification attempt 3/5...
[INFO] Successfully verified and bound purchase: token=tok_co...play to owner=usr_david
[WARN] CAS conflict on token tok_co...play, retrying verification attempt 4/5...
[INFO] Successfully verified and bound purchase: token=tok_co...play to owner=usr_david
[INFO] Verifying purchase for user=usr_eve, product=tscanner_vip_monthly, token=tok_ex..._sub
[INFO] Successfully verified and bound purchase: token=tok_ex..._sub to owner=usr_eve
[INFO] Verifying purchase for user=usr_frank, product=tscanner_vip_lifetime, token=tok_re...life
[INFO] Successfully verified and bound purchase: token=tok_re...life to owner=usr_frank
[INFO] Verifying purchase for user=usr_grace, product=tscanner_vip_yearly, token=tok_pe...ment
[INFO] Verifying purchase for user=usr_heidi, product=tscanner_vip_yearly, token=tok_50...rror
[WARN] Transient Google Play API error (503): Play backend 503
[INFO] Restoring purchases for user=usr_judy, candidateTokens=2
[INFO] Verifying purchase for user=usr_judy, product=tscanner_vip_yearly, token=tok_re..._sub
[INFO] Successfully verified and bound purchase: token=tok_re..._sub to owner=usr_judy
[INFO] Verifying purchase for user=usr_judy, product=tscanner_vip_lifetime, token=tok_re...life
[INFO] Successfully verified and bound purchase: token=tok_re...life to owner=usr_judy
✔ B04a Verifier: Disallowed product ID is rejected (13.3903ms)
✔ B04a Verifier: Package name mismatch is rejected (3.2666ms)
✔ B04a Verifier: Invalid token not found in Google Play is rejected (6.7862ms)
✔ B04a Verifier: Valid subscription returns VERIFIED_ACTIVE with exact Play expiry (13.8639ms)
✔ B04a Verifier: Valid Lifetime in-app product returns null expiryTimeMillis (7.3943ms)
✔ B04a Verifier: Ownership conflict rejects User B claiming User A token (6.6033ms)
✔ B04a Verifier: ObfuscatedAccountId mismatch from Play is rejected (6.2276ms)
✔ B04a Verifier: Concurrent replay is idempotent without race condition (27.1783ms)
✔ B04a Verifier: Expired subscription returns PURCHASE_EXPIRED (4.81ms)
✔ B04a Verifier: Revoked/refunded in-app purchase returns PURCHASE_REVOKED (5.7313ms)
✔ B04a Verifier: Pending payment returns status PENDING (3.7275ms)
✔ B04a Verifier: Google Play transient error returns TRANSIENT_ERROR (4.2541ms)
✔ B04a Verifier: Sensitive token is masked in logs (3.2096ms)
✔ B04a Verifier: Restore aggregates active entitlements for owner (5.9207ms)
✔ B04a Verifier Gate: Production client without credentials throws MissingCredentialsError (4.5789ms)
ℹ tests 99
ℹ suites 0
ℹ pass 99
ℹ fail 0
ℹ cancelled 0
ℹ skipped 0
ℹ todo 0
ℹ duration_ms 3588.9673
